// Jest Snapshot v1, https://goo.gl/fbAQLP

exports[`stopFactory can be created 1`] = `
Stop {
  "address": undefined,
  "clientRadius": undefined,
  "completed": undefined,
  "geoHash": undefined,
  "retailerRadius": undefined,
  "sequence": undefined,
  "stopId": "stop-id",
}
`;
